---
source: tests/cli.rs
expression: redact_version(&stdout)
---
md-splice [VERSION]
