---
source: tests/cli.rs
expression: redact_version(&stdout)
---
Splice and modify Markdown files with AST-level precision.

Usage: md-splice [OPTIONS] <COMMAND>

Commands:
  insert   Insert new Markdown content at a specified position
  replace  Replace a Markdown node with new content
  help     Print this message or the help of the given subcommand(s)

Options:
  -f, --file <FILE_PATH>      The Markdown file to modify
  -o, --output <OUTPUT_PATH>  Write the output to a new file instead of modifying the original
  -h, --help                  Print help
  -V, --version               Print version
