---
source: tests/cli.rs
expression: output_content
---
# Title

This content comes from a file.
